// Vitest Snapshot v1, https://vitest.dev/guide/snapshot.html

exports[`stroke inheritance > resolves stroke-width inherited from ancestor groups 1`] = `"<svg xmlns="http://www.w3.org/2000/svg" viewBox="0 0 24 24" width="24" height="24"><g stroke="currentColor" fill="none"><path d="M1.142857 12h9.142857" stroke-width="2.285714"/><path d="M14.857143 6.285714v11.428572" stroke-width="1.142857"/></g><path d="M19.428571 6.285714v11.428572" fill="none" stroke="currentColor" stroke-width="0.571429"/><path d="M24 6.285714v11.428572"/></svg>"`;
