// Vitest Snapshot v1, https://vitest.dev/guide/snapshot.html

exports[`normalizeIcon stroke policies > accurate policy keeps square caps and miter joins inside the box 1`] = `"<svg xmlns="http://www.w3.org/2000/svg" viewBox="0 0 24 24" width="24" height="24"><path d="M3.111 18.222L12 6.37 20.889 18.222" fill="none" stroke="currentColor" stroke-width="4.444" stroke-linecap="square" stroke-linejoin="miter"/></svg>"`;
