// Vitest Snapshot v1, https://vitest.dev/guide/snapshot.html

exports[`normalizeIcon with transforms > flattens nested transforms before measuring 1`] = `"<svg xmlns="http://www.w3.org/2000/svg" viewBox="0 0 24 24" width="24" height="24"><g><g><path fill="currentColor" d="M17.043 3.28L21.962 8.199 17.043 13.118 12.124 8.199Z"/></g><path d="M10.087 16.546h13.913v4.174h-13.913Z" fill="currentColor"/></g><path fill="currentColor" stroke="currentColor" stroke-width="0.696" d="M4.522 15.155A2.087 2.087 0 1 1 0.348 15.155 2.087 2.087 0 1 1 4.522 15.155Z"/></svg>"`;
